../Core/Src/main.c:171:6:MPU_Init	32	static
../Core/Src/main.c:193:6:GYRO_Read	24	static
../Core/Src/main.c:199:6:ACCEL_Read	24	static
../Core/Src/main.c:205:6:GYRO_Process	16	static
../Core/Src/main.c:217:6:ACCEL_Process	24	static
../Core/Src/main.c:231:6:delay_us	16	static
../Core/Src/main.c:237:6:HAL_I2C_MemRxCpltCallback	16	static
../Core/Src/main.c:248:6:HAL_TIM_IC_CaptureCallback	16	static
../Core/Src/main.c:292:5:main	8	static
../Core/Src/main.c:387:6:SystemClock_Config	88	static
../Core/Src/main.c:440:13:MX_I2C1_Init	8	static
../Core/Src/main.c:488:13:MX_I2C2_Init	8	static
../Core/Src/main.c:536:13:MX_TIM1_Init	96	static
../Core/Src/main.c:611:13:MX_TIM4_Init	48	static
../Core/Src/main.c:669:13:MX_USART3_UART_Init	8	static
../Core/Src/main.c:702:13:MX_GPIO_Init	64	static
../Core/Src/main.c:777:6:AccelTask	32	static
../Core/Src/main.c:810:6:UltrasonicTask	16	static
../Core/Src/main.c:840:6:LCDTask	16	static
../Core/Src/main.c:855:6:Error_Handler	4	static,ignoring_inline_asm
